// Jest Snapshot v1, https://goo.gl/fbAQLP

exports[`<UserProfile /> Show user profile 1`] = `ShallowWrapper {}`;
